#!python
cubit.cmd('create surface rectangle width 20 height 20 zplane ')
cubit.cmd('create surface circle radius 2 zplane ')
cubit.cmd('subtract 2 from 1')
cubit.cmd('webcut volume 1 xplane')
cubit.cmd('webcut volume 1 yplane')
cubit.cmd('delete volume 1')
cubit.cmd('delete volume 3')
cubit.cmd('body 4 size 0.25')
cubit.cmd('surface 7 scheme pave')
cubit.cmd('mesh surface 7')
cubit.cmd('display')
cubit.cmd('nodeset 1 curve 7')
cubit.cmd('nodeset 2 curve 11')
cubit.cmd('nodeset 3 curve 21')
cubit.cmd('nodeset 4 curve 20')
cubit.cmd('nodeset 5 curve 22')
cubit.cmd('export abaqus "ah025.inp" dimension 2 overwrite')
cubit.cmd('surface 7  scheme circle fraction 0.5')
cubit.cmd('surface 7  scheme TriPrimitive')
cubit.cmd('mesh surface 7 ')
cubit.cmd('mesh surface 7 ')
cubit.cmd('surface 7  scheme circle fraction 0.5')
cubit.cmd('mesh surface 7 ')
cubit.cmd('mesh surface 7 ')
cubit.cmd('mesh surface 7 ')
cubit.cmd('quality surface  Relative Size global')
cubit.cmd('quality surface 7  Relative Size global')
cubit.cmd('quality surface 7  Relative Size global')
cubit.cmd('quality surface 7  Scaled Jacobian global')
cubit.cmd('mesh surface 7')
cubit.cmd('reset')
cubit.cmd('create surface circle radius 27 zplane ')
cubit.cmd('create surface circle radius 26 zplane ')
cubit.cmd('undo')
cubit.cmd('create surface circle radius 23 zplane ')
cubit.cmd('substract 2 from 1')
cubit.cmd('subtract 2 from 1')
cubit.cmd('webcut 1 yplane')
cubit.cmd('webcut volume 1 xplane')
cubit.cmd('undo')
cubit.cmd('webcut volume 1 yplane')
cubit.cmd('delete volume 3')
cubit.cmd('undo')
cubit.cmd('delete volume 1')
cubit.cmd('display')
cubit.cmd('mesh surface 5 ')
cubit.cmd('delete mesh surface 5  propagate')
cubit.cmd('surface 5  size auto factor 3')
cubit.cmd('mesh surface 5 ')
cubit.cmd('delete mesh surface 5  propagate')
cubit.cmd('surface 5  size auto factor 4')
cubit.cmd('mesh surface 5 ')
