#!python
cubit.cmd('create surface rectangle width 20 height 20 zplane ')
cubit.cmd('create surface circle radius 2 zplane ')
cubit.cmd('subtract 2 from 1')
cubit.cmd('body 1 size 0.25')
cubit.cmd('surface 3 scheme pave')
cubit.cmd('mesh surface 3')
cubit.cmd('display')
cubit.cmd('nodeset 1 curve 1')
cubit.cmd('nodeset 2 curve 2')
cubit.cmd('nodeset 3 curve 3')
cubit.cmd('nodeset 4 curve 4')
cubit.cmd('nodeset 5 curve 6')
cubit.cmd('export abaqus "ah025.inp" dimension 2 overwrite')
cubit.cmd('undo')
cubit.cmd('undo')
cubit.cmd('undo')
cubit.cmd('undo')
cubit.cmd('undo')
cubit.cmd('undo')
cubit.cmd('undo')
cubit.cmd('undo')
cubit.cmd('undo')
cubit.cmd('undo')
cubit.cmd('undo')
cubit.cmd('subtract 2 from 1')
cubit.cmd('create surface circle radius 2 zplane ')
cubit.cmd('subtract 2 from 1')
cubit.cmd('tetmesh tri  make block ')
cubit.cmd('tetmesh tri 1 make block ')
cubit.cmd('create tri node 1   ')
cubit.cmd('mesh surface 3 ')
cubit.cmd('surface 3  scheme TriMesh')
cubit.cmd('undo')
cubit.cmd('undo')
cubit.cmd('undo')
cubit.cmd('undo')
cubit.cmd('undo')
cubit.cmd('undo')
cubit.cmd('subtract 2 from 1')
cubit.cmd('mesh surface 3 ')
cubit.cmd('undo')
cubit.cmd('undo')
cubit.cmd('subtract 2 from 1')
cubit.cmd('create tri node 3   ')
cubit.cmd('create tri node 3   ')
