#!python
cubit.cmd('## by Jin Wang')
cubit.cmd('create surface rectangle width 20 height 20 zplane ')
cubit.cmd('create surface circle radius 2 zplane ')
cubit.cmd('subtract 2 from 1')
cubit.cmd('webcut volume 1 xplane')
cubit.cmd('webcut volume 1 yplane')
cubit.cmd('delete volume 1')
cubit.cmd('delete volume 3')
cubit.cmd('body 4 size 0.25')
cubit.cmd('surface 7 scheme pave')
cubit.cmd('mesh surface 7')
cubit.cmd('display')
cubit.cmd('nodeset 1 curve 7')
cubit.cmd('nodeset 2 curve 11')
cubit.cmd('nodeset 3 curve 21')
cubit.cmd('nodeset 4 curve 20')
cubit.cmd('nodeset 5 curve 22')
cubit.cmd('create surface rectangle width 20 height 20 zplane ')
cubit.cmd('create surface circle radius 2 zplane ')
cubit.cmd('subtract 2 from 1')
cubit.cmd('webcut volume 1 xplane')
cubit.cmd('webcut volume 1 yplane')
cubit.cmd('delete volume 1')
cubit.cmd('delete volume 3')
cubit.cmd('body 4 size 0.25')
cubit.cmd('surface 7 scheme pave')
cubit.cmd('mesh surface 7')
cubit.cmd('display')
cubit.cmd('nodeset 1 curve 7')
cubit.cmd('nodeset 2 curve 11')
cubit.cmd('nodeset 3 curve 21')
cubit.cmd('nodeset 4 curve 20')
cubit.cmd('nodeset 5 curve 22')
cubit.cmd('export abaqus "ah025.inp" dimension 2 overwrite')
cubit.cmd('reset')
cubit.cmd('create surface rectangle width 20 height 20 zplane ')
cubit.cmd('create surface circle radius 2 zplane ')
cubit.cmd('subtract 2 from 1')
cubit.cmd('webcut volume 1 xplane')
cubit.cmd('webcut volume 1 yplane')
cubit.cmd('delete volume 1')
cubit.cmd('delete volume 3')
cubit.cmd('body 4 size 0.25')
cubit.cmd('surface 7 scheme pave')
cubit.cmd('mesh surface 7')
cubit.cmd('display')
cubit.cmd('nodeset 1 curve 7')
cubit.cmd('nodeset 2 curve 11')
cubit.cmd('nodeset 3 curve 21')
cubit.cmd('nodeset 4 curve 20')
cubit.cmd('nodeset 5 curve 22')
cubit.cmd('export abaqus "ah025.inp" dimension 2 overwrite')
cubit.cmd('reset')
