#!python
cubit.cmd('import abaqus  "/home/saman/tahoe-inputs/geometry/hole/geom025/ah_2D_025.inp" ')
cubit.cmd('import abaqus mesh geometry  "/home/saman/tahoe-inputs/geometry/hole/geom025/ah_2D_025.inp" ')
cubit.cmd('reset')
cubit.cmd('## by Jin Wang')
cubit.cmd('create surface rectangle width 20 height 20 zplane ')
cubit.cmd('create surface circle radius 2 zplane ')
cubit.cmd('subtract 2 from 1')
cubit.cmd('webcut volume 1 xplane')
cubit.cmd('webcut volume 1 yplane')
cubit.cmd('delete volume 1')
cubit.cmd('delete volume 3')
cubit.cmd('body 4 size 0.5')
cubit.cmd('surface 7 scheme pave')
cubit.cmd('mesh surface 7')
cubit.cmd('display')
cubit.cmd('nodeset 1 curve 7')
cubit.cmd('nodeset 2 curve 11')
cubit.cmd('nodeset 3 curve 21')
cubit.cmd('nodeset 4 curve 20')
cubit.cmd('nodeset 5 curve 22')
cubit.cmd('export abaqus "airhole_2D_mesh0.5.inp"')
cubit.cmd('reset')
cubit.cmd('create surface rectangle width 20 height 20 zplane ')
cubit.cmd('create surface circle radius 2 zplane ')
cubit.cmd('subtract 2 from 1')
cubit.cmd('webcut volume 1 xplane')
cubit.cmd('webcut volume 1 yplane')
cubit.cmd('delete volume 1')
cubit.cmd('delete volume 3')
cubit.cmd('body 4 size 0.25')
cubit.cmd('surface 7 scheme pave')
cubit.cmd('mesh surface 7')
cubit.cmd('display')
cubit.cmd('create sideset 1')
cubit.cmd('sideset 1 face 1 to 10')
cubit.cmd('reset')
cubit.cmd('create surface rectangle width 20 height 20 zplane ')
cubit.cmd('create surface circle radius 2 zplane ')
cubit.cmd('subtract 2 from 1')
cubit.cmd('webcut volume 1 xplane')
cubit.cmd('webcut volume 1 yplane')
cubit.cmd('delete volume 1')
cubit.cmd('delete volume 3')
cubit.cmd('body 4 size 0.55')
cubit.cmd('surface 7 scheme pave')
cubit.cmd('mesh surface 7')
cubit.cmd('display')
cubit.cmd('nodeset 1 curve 7')
cubit.cmd('nodeset 2 curve 11')
cubit.cmd('nodeset 3 curve 21')
cubit.cmd('nodeset 4 curve 20')
cubit.cmd('nodeset 5 curve 22')
cubit.cmd('sideset 1 face 1 to 16')
